// Jest Snapshot v1, https://goo.gl/fbAQLP

exports[`Login Screen matches snapshot 1`] = `
<View
  style={
    {
      "display": "flex",
      "gap": 16,
    }
  }
>
  <View>
    <TextInput
      autoCapitalize="none"
      autoComplete="email"
      autoCorrect={false}
      autoFocus={true}
      inputMode="email"
      keyboardType="email-address"
      onChangeText={[Function]}
      returnKeyType="next"
      style={
        {
          "borderBottomWidth": 2,
          "borderColor": "#a7a7a7ee",
          "borderRadius": 4,
          "display": "flex",
          "fontSize": 20,
          "minWidth": "60%",
          "padding": 4,
        }
      }
      testID="email"
      textAlign="center"
    />
    <TextInput
      aria-hidden={true}
      autoCapitalize="none"
      autoComplete="current-password"
      autoCorrect={false}
      onChangeText={[Function]}
      returnKeyType="done"
      secureTextEntry={true}
      style={
        {
          "borderBottomWidth": 2,
          "borderColor": "#a7a7a7ee",
          "borderRadius": 4,
          "display": "flex",
          "fontSize": 20,
          "minWidth": "60%",
          "padding": 4,
        }
      }
      testID="password"
      textAlign="center"
    />
  </View>
  <View
    collapsable={false}
    style={
      {
        "transform": [
          {
            "translateX": 0,
          },
        ],
      }
    }
  >
    <View
      accessibilityRole="button"
      accessibilityState={
        {
          "busy": undefined,
          "checked": undefined,
          "disabled": undefined,
          "expanded": undefined,
          "selected": undefined,
        }
      }
      accessibilityValue={
        {
          "max": undefined,
          "min": undefined,
          "now": undefined,
          "text": undefined,
        }
      }
      accessible={true}
      collapsable={false}
      focusable={true}
      onClick={[Function]}
      onResponderGrant={[Function]}
      onResponderMove={[Function]}
      onResponderRelease={[Function]}
      onResponderTerminate={[Function]}
      onResponderTerminationRequest={[Function]}
      onStartShouldSetResponder={[Function]}
      style={
        {
          "opacity": 1,
        }
      }
    >
      <View
        style={
          [
            {},
          ]
        }
      >
        <Text
          style={
            [
              {
                "color": "#007AFF",
                "fontSize": 18,
                "margin": 8,
                "textAlign": "center",
              },
            ]
          }
        >
          Log In
        </Text>
      </View>
    </View>
  </View>
</View>
`;
